// Jest Snapshot v1, https://goo.gl/fbAQLP

exports[`ChartDetail.vue shows a graph 1`] = `<div><canvas></canvas></div>`;
